------------------------------------------------------------
Timing Analyzer Summary
------------------------------------------------------------

Type  : Slow 1200mV 85C Model Setup 'board_clk'
Slack : 4.015
TNS   : 0.000

Type  : Slow 1200mV 85C Model Setup 'altera_reserved_tck'
Slack : 42.632
TNS   : 0.000

Type  : Slow 1200mV 85C Model Hold 'board_clk'
Slack : 0.346
TNS   : 0.000

Type  : Slow 1200mV 85C Model Hold 'altera_reserved_tck'
Slack : 0.452
TNS   : 0.000

Type  : Slow 1200mV 85C Model Recovery 'altera_reserved_tck'
Slack : 95.325
TNS   : 0.000

Type  : Slow 1200mV 85C Model Removal 'altera_reserved_tck'
Slack : 1.392
TNS   : 0.000

Type  : Slow 1200mV 85C Model Minimum Pulse Width 'board_clk'
Slack : 9.594
TNS   : 0.000

Type  : Slow 1200mV 85C Model Minimum Pulse Width 'altera_reserved_tck'
Slack : 49.382
TNS   : 0.000

Type  : Slow 1200mV 0C Model Setup 'board_clk'
Slack : 4.269
TNS   : 0.000

Type  : Slow 1200mV 0C Model Setup 'altera_reserved_tck'
Slack : 43.076
TNS   : 0.000

Type  : Slow 1200mV 0C Model Hold 'board_clk'
Slack : 0.334
TNS   : 0.000

Type  : Slow 1200mV 0C Model Hold 'altera_reserved_tck'
Slack : 0.400
TNS   : 0.000

Type  : Slow 1200mV 0C Model Recovery 'altera_reserved_tck'
Slack : 95.662
TNS   : 0.000

Type  : Slow 1200mV 0C Model Removal 'altera_reserved_tck'
Slack : 1.288
TNS   : 0.000

Type  : Slow 1200mV 0C Model Minimum Pulse Width 'board_clk'
Slack : 9.597
TNS   : 0.000

Type  : Slow 1200mV 0C Model Minimum Pulse Width 'altera_reserved_tck'
Slack : 49.231
TNS   : 0.000

Type  : Fast 1200mV 0C Model Setup 'board_clk'
Slack : 6.716
TNS   : 0.000

Type  : Fast 1200mV 0C Model Setup 'altera_reserved_tck'
Slack : 47.131
TNS   : 0.000

Type  : Fast 1200mV 0C Model Hold 'board_clk'
Slack : 0.107
TNS   : 0.000

Type  : Fast 1200mV 0C Model Hold 'altera_reserved_tck'
Slack : 0.186
TNS   : 0.000

Type  : Fast 1200mV 0C Model Recovery 'altera_reserved_tck'
Slack : 97.775
TNS   : 0.000

Type  : Fast 1200mV 0C Model Removal 'altera_reserved_tck'
Slack : 0.587
TNS   : 0.000

Type  : Fast 1200mV 0C Model Minimum Pulse Width 'board_clk'
Slack : 9.199
TNS   : 0.000

Type  : Fast 1200mV 0C Model Minimum Pulse Width 'altera_reserved_tck'
Slack : 49.278
TNS   : 0.000

------------------------------------------------------------
